// Jest Snapshot v1, https://goo.gl/fbAQLP

exports[`renders history modal skeleton 1`] = `
<div
  className="no-print"
>
  <div
    className="MuiGrid-root MuiGrid-container MuiGrid-direction-xs-column MuiGrid-align-items-xs-center MuiGrid-align-content-xs-center MuiGrid-justify-xs-center"
  >
    <div
      className="MuiGrid-root MuiGrid-container MuiGrid-align-items-xs-center MuiGrid-align-content-xs-center MuiGrid-justify-xs-center"
    >
      <div
        style={
          Object {
            "margin": "1rem",
            "minWidth": 300,
          }
        }
      >
        <div
          className="euiFilePicker euiFilePicker--large"
        >
          <div
            className="euiFilePicker__wrap"
          >
            <input
              aria-describedby="yaml-picker-filePicker__prompt"
              aria-label="YAML File Picker"
              className="euiFilePicker__input"
              id="yaml-picker"
              onChange={[Function]}
              onDragLeave={[Function]}
              onDragOver={[Function]}
              onDrop={[Function]}
              type="file"
            />
            <div
              className="euiFilePicker__prompt"
              id="yaml-picker-filePicker__prompt"
            >
              <svg
                aria-hidden={true}
                className="euiIcon euiIcon--large euiIcon-isLoading euiFilePicker__icon"
                focusable="false"
                height={16}
                role="img"
                style={null}
                viewBox="0 0 16 16"
                width={16}
                xmlns="http://www.w3.org/2000/svg"
              />
              <div
                className="euiFilePicker__promptText"
              >
                YAML
              </div>
            </div>
          </div>
        </div>
        <div
          className="Toastify"
        />
      </div>
      <div
        style={
          Object {
            "margin": "1rem",
            "minWidth": 300,
          }
        }
      >
        <div
          className="euiFilePicker euiFilePicker--large"
        >
          <div
            className="euiFilePicker__wrap"
          >
            <input
              aria-describedby="md-picker-filePicker__prompt"
              aria-label="Markdown File Picker"
              className="euiFilePicker__input"
              id="md-picker"
              onChange={[Function]}
              onDragLeave={[Function]}
              onDragOver={[Function]}
              onDrop={[Function]}
              type="file"
            />
            <div
              className="euiFilePicker__prompt"
              id="md-picker-filePicker__prompt"
            >
              <svg
                aria-hidden={true}
                className="euiIcon euiIcon--large euiIcon-isLoading euiFilePicker__icon"
                focusable="false"
                height={16}
                role="img"
                style={null}
                viewBox="0 0 16 16"
                width={16}
                xmlns="http://www.w3.org/2000/svg"
              />
              <div
                className="euiFilePicker__promptText"
              >
                Markdown
              </div>
            </div>
          </div>
        </div>
        <div
          className="Toastify"
        />
      </div>
    </div>
  </div>
</div>
`;
